// Jest Snapshot v1, https://goo.gl/fbAQLP

exports[`<Menu /> Should renders 1`] = `
<div
  role="button"
  tabIndex="0"
>
  <div
    className="effect__appear sc-bwzfXH iVThND"
  >
    <div
      className="sc-gZMcBi qaFpZ"
    >
      <div
        className="sc-gqjmRU cBrrLK"
      >
        <div
          className="font__mono sc-htpNat easqzJ"
        >
          <div
            className="sc-ifAKCX RfDSL"
          >
            Penta Project
          </div>
          <div
            className="sc-EHOje bMrtUk"
          >
            A Cyberpunk Action Game
          </div>
        </div>
      </div>
      <button
        className="effect__glitch sc-iwsKbI ixchWs"
        data-text="Resume"
        onClick={[Function]}
        tabIndex={0}
      >
        Resume
      </button>
      <button
        className="effect__glitch sc-iwsKbI ixchWs"
        data-text="New Game"
        onClick={null}
        tabIndex={-1}
      >
        New Game
        <a
          href="/new"
          onClick={[Function]}
          tabIndex="0"
        />
      </button>
      <button
        className="effect__glitch sc-iwsKbI ixchWs"
        data-text="Save Game"
        onClick={null}
        tabIndex={-1}
      >
        Save Game
        <a
          href="/save"
          onClick={[Function]}
          tabIndex="0"
        />
      </button>
      <button
        className="effect__glitch sc-iwsKbI ixchWs"
        data-text="Load Game"
        onClick={null}
        tabIndex={-1}
      >
        Load Game
        <a
          href="/load"
          onClick={[Function]}
          tabIndex="0"
        />
      </button>
      <button
        className="effect__glitch sc-iwsKbI ixchWs"
        data-text="Hero"
        onClick={null}
        tabIndex={-1}
      >
        Hero
        <a
          href="/hero"
          onClick={[Function]}
          tabIndex="0"
        />
      </button>
      <button
        className="effect__glitch sc-iwsKbI ixchWs"
        data-text="Settings"
        onClick={null}
        tabIndex={-1}
      >
        Settings
        <a
          href="/settings"
          onClick={[Function]}
          tabIndex="0"
        />
      </button>
      <button
        className="effect__glitch sc-iwsKbI ixchWs"
        data-text="Exit"
        onClick={null}
        tabIndex={-1}
      >
        Exit
        <a
          href="/exit"
          onClick={[Function]}
          tabIndex="0"
        />
      </button>
    </div>
    <footer
      className="font__accent sc-VigVT byUSmW"
    >
      <div
        className="sc-jTzLTM iHsIJR"
      >
        <span
          className="sc-bZQynM fjiOsu"
        >
          <span
            className="sc-gzVnrw hjuePL"
          >
            alpha version
          </span>
           
          "0.0.1-alpha.2"
        </span>
      </div>
      <span
        className="sc-htoDjs dNFyTW"
      >
        2017–current © 
        edloidas production
        . 
        <span
          className="sc-dnqmqq oqlux"
        >
          All Rights Reserved.
        </span>
      </span>
    </footer>
  </div>
</div>
`;
